Component: ARM Compiler 5.06 update 7 (build 960) Tool: armlink [4d3601]

==============================================================================

Section Cross References

    principal.o(i.maFonction) refers to adc.o(i.Handler_ADC) for Handler_ADC
    principal.o(i.maFonction) refers to principal.o(.data) for ADC
    principal.o(i.main) refers to mytimer.o(i.MyTimer_Base_Init) for MyTimer_Base_Init
    principal.o(i.main) refers to mytimer.o(i.MyTimer_Base_Start) for MyTimer_Base_Start
    principal.o(i.main) refers to gpio.o(i.MyGPIO_Init) for MyGPIO_Init
    principal.o(i.main) refers to adc.o(i.ADC_Init) for ADC_Init
    principal.o(i.main) refers to adc.o(i.Set_Channel) for Set_Channel
    principal.o(i.main) refers to mytimer.o(i.MyTimer_ActiveIT) for MyTimer_ActiveIT
    principal.o(i.main) refers to principal.o(.data) for GPIO_Pin_LED
    principal.o(i.main) refers to principal.o(i.maFonction) for maFonction
    gpio.o(i.MyGPIO_Init) refers to gpio.o(i.MyGPIO_Init_clck) for MyGPIO_Init_clck
    gpio.o(i.MyGPIO_Toggle) refers to gpio.o(i.MyGPIO_Reset) for MyGPIO_Reset
    gpio.o(i.MyGPIO_Toggle) refers to gpio.o(i.MyGPIO_Set) for MyGPIO_Set
    mytimer.o(i.MyTimer_ActiveIT) refers to mytimer.o(.data) for pFnc
    mytimer.o(i.MyTimer_PWM) refers to gpio.o(i.MyGPIO_Init) for MyGPIO_Init
    mytimer.o(i.MyTimer_Set_Cycle) refers to ffltui.o(.text) for __aeabi_ui2f
    mytimer.o(i.MyTimer_Set_Cycle) refers to fmul.o(.text) for __aeabi_fmul
    mytimer.o(i.MyTimer_Set_Cycle) refers to ffixui.o(.text) for __aeabi_f2uiz
    mytimer.o(i.TIM2_IRQHandler) refers to mytimer.o(.data) for pFnc
    adc.o(i.Handler_ADC) refers to adc.o(i.Start_conv) for Start_conv
    startup_stm32f10x_md.o(RESET) refers to startup_stm32f10x_md.o(STACK) for __initial_sp
    startup_stm32f10x_md.o(RESET) refers to startup_stm32f10x_md.o(.text) for Reset_Handler
    startup_stm32f10x_md.o(RESET) refers to mytimer.o(i.TIM2_IRQHandler) for TIM2_IRQHandler
    startup_stm32f10x_md.o(.text) refers to system_stm32f10x.o(i.SystemInit) for SystemInit
    startup_stm32f10x_md.o(.text) refers to entry.o(.ARM.Collect$$$$00000000) for __main
    system_stm32f10x.o(i.SetSysClock) refers to system_stm32f10x.o(i.SetSysClockTo72) for SetSysClockTo72
    system_stm32f10x.o(i.SystemCoreClockUpdate) refers to system_stm32f10x.o(.data) for SystemCoreClock
    system_stm32f10x.o(i.SystemInit) refers to system_stm32f10x.o(i.SetSysClock) for SetSysClock
    entry.o(.ARM.Collect$$$$00000000) refers (Special) to entry10a.o(.ARM.Collect$$$$0000000F) for __rt_final_cpp
    entry.o(.ARM.Collect$$$$00000000) refers (Special) to entry11a.o(.ARM.Collect$$$$00000011) for __rt_final_exit
    entry.o(.ARM.Collect$$$$00000000) refers (Special) to entry12b.o(.ARM.Collect$$$$0000000E) for __rt_lib_shutdown_fini
    entry.o(.ARM.Collect$$$$00000000) refers (Special) to entry7b.o(.ARM.Collect$$$$00000008) for _main_clock
    entry.o(.ARM.Collect$$$$00000000) refers (Special) to entry8b.o(.ARM.Collect$$$$0000000A) for _main_cpp_init
    entry.o(.ARM.Collect$$$$00000000) refers (Special) to entry9a.o(.ARM.Collect$$$$0000000B) for _main_init
    entry.o(.ARM.Collect$$$$00000000) refers (Special) to entry5.o(.ARM.Collect$$$$00000004) for _main_scatterload
    entry.o(.ARM.Collect$$$$00000000) refers (Special) to entry2.o(.ARM.Collect$$$$00000001) for _main_stk
    fmul.o(.text) refers (Special) to iusefp.o(.text) for __I$use$fp
    ffltui.o(.text) refers (Special) to iusefp.o(.text) for __I$use$fp
    ffltui.o(.text) refers to fepilogue.o(.text) for _float_epilogue
    ffixui.o(.text) refers (Special) to iusefp.o(.text) for __I$use$fp
    entry2.o(.ARM.Collect$$$$00000001) refers to entry2.o(.ARM.Collect$$$$00002712) for __lit__00000000
    entry2.o(.ARM.Collect$$$$00002712) refers to startup_stm32f10x_md.o(STACK) for __initial_sp
    entry2.o(__vectab_stack_and_reset_area) refers to startup_stm32f10x_md.o(STACK) for __initial_sp
    entry2.o(__vectab_stack_and_reset_area) refers to entry.o(.ARM.Collect$$$$00000000) for __main
    entry5.o(.ARM.Collect$$$$00000004) refers to init.o(.text) for __scatterload
    entry9a.o(.ARM.Collect$$$$0000000B) refers to principal.o(i.main) for main
    entry9b.o(.ARM.Collect$$$$0000000C) refers to principal.o(i.main) for main
    init.o(.text) refers to entry5.o(.ARM.Collect$$$$00000004) for __main_after_scatterload


==============================================================================

Removing Unused input sections from the image.

    Removing principal.o(.rev16_text), (4 bytes).
    Removing principal.o(.revsh_text), (4 bytes).
    Removing principal.o(.rrx_text), (6 bytes).
    Removing gpio.o(.rev16_text), (4 bytes).
    Removing gpio.o(.revsh_text), (4 bytes).
    Removing gpio.o(.rrx_text), (6 bytes).
    Removing gpio.o(i.MyGPIO_Read), (26 bytes).
    Removing gpio.o(i.MyGPIO_Reset), (8 bytes).
    Removing gpio.o(i.MyGPIO_Set), (8 bytes).
    Removing gpio.o(i.MyGPIO_Toggle), (42 bytes).
    Removing mytimer.o(.rev16_text), (4 bytes).
    Removing mytimer.o(.revsh_text), (4 bytes).
    Removing mytimer.o(.rrx_text), (6 bytes).
    Removing mytimer.o(i.MyTimer_Base_Stop), (10 bytes).
    Removing mytimer.o(i.MyTimer_PWM), (420 bytes).
    Removing mytimer.o(i.MyTimer_Set_Cycle), (134 bytes).
    Removing adc.o(.rev16_text), (4 bytes).
    Removing adc.o(.revsh_text), (4 bytes).
    Removing adc.o(.rrx_text), (6 bytes).
    Removing startup_stm32f10x_md.o(HEAP), (512 bytes).
    Removing system_stm32f10x.o(.rev16_text), (4 bytes).
    Removing system_stm32f10x.o(.revsh_text), (4 bytes).
    Removing system_stm32f10x.o(.rrx_text), (6 bytes).
    Removing system_stm32f10x.o(i.SystemCoreClockUpdate), (164 bytes).
    Removing system_stm32f10x.o(.data), (20 bytes).
    Removing fmul.o(.text), (100 bytes).
    Removing ffltui.o(.text), (10 bytes).
    Removing ffixui.o(.text), (40 bytes).
    Removing fepilogue.o(.text), (110 bytes).

29 unused section(s) (total 1674 bytes) removed from the image.

==============================================================================

Image Symbol Table

    Local Symbols

    Symbol Name                              Value     Ov Type        Size  Object(Section)

    ../clib/microlib/init/entry.s            0x00000000   Number         0  entry.o ABSOLUTE
    ../clib/microlib/init/entry.s            0x00000000   Number         0  entry12b.o ABSOLUTE
    ../clib/microlib/init/entry.s            0x00000000   Number         0  entry12a.o ABSOLUTE
    ../clib/microlib/init/entry.s            0x00000000   Number         0  entry11b.o ABSOLUTE
    ../clib/microlib/init/entry.s            0x00000000   Number         0  entry11a.o ABSOLUTE
    ../clib/microlib/init/entry.s            0x00000000   Number         0  entry10b.o ABSOLUTE
    ../clib/microlib/init/entry.s            0x00000000   Number         0  entry10a.o ABSOLUTE
    ../clib/microlib/init/entry.s            0x00000000   Number         0  entry9b.o ABSOLUTE
    ../clib/microlib/init/entry.s            0x00000000   Number         0  entry9a.o ABSOLUTE
    ../clib/microlib/init/entry.s            0x00000000   Number         0  entry8b.o ABSOLUTE
    ../clib/microlib/init/entry.s            0x00000000   Number         0  entry8a.o ABSOLUTE
    ../clib/microlib/init/entry.s            0x00000000   Number         0  entry7b.o ABSOLUTE
    ../clib/microlib/init/entry.s            0x00000000   Number         0  entry5.o ABSOLUTE
    ../clib/microlib/init/entry.s            0x00000000   Number         0  entry7a.o ABSOLUTE
    ../clib/microlib/init/entry.s            0x00000000   Number         0  entry2.o ABSOLUTE
    ../clib/microlib/stubs.s                 0x00000000   Number         0  iusefp.o ABSOLUTE
    ../fplib/microlib/fpepilogue.c           0x00000000   Number         0  fepilogue.o ABSOLUTE
    ../fplib/microlib/fpfix.c                0x00000000   Number         0  ffixui.o ABSOLUTE
    ../fplib/microlib/fpflt.c                0x00000000   Number         0  ffltui.o ABSOLUTE
    ../fplib/microlib/fpmul.c                0x00000000   Number         0  fmul.o ABSOLUTE
    ..\Drivers\Source\ADC.c                  0x00000000   Number         0  adc.o ABSOLUTE
    ..\Drivers\Source\GPIO.c                 0x00000000   Number         0  gpio.o ABSOLUTE
    ..\Drivers\Source\MyTimer.c              0x00000000   Number         0  mytimer.o ABSOLUTE
    ..\\Drivers\\Source\\ADC.c               0x00000000   Number         0  adc.o ABSOLUTE
    ..\\Drivers\\Source\\GPIO.c              0x00000000   Number         0  gpio.o ABSOLUTE
    ..\\Drivers\\Source\\MyTimer.c           0x00000000   Number         0  mytimer.o ABSOLUTE
    RTE\Device\STM32F103RB\startup_stm32f10x_md.s 0x00000000   Number         0  startup_stm32f10x_md.o ABSOLUTE
    RTE\Device\STM32F103RB\system_stm32f10x.c 0x00000000   Number         0  system_stm32f10x.o ABSOLUTE
    RTE\\Device\\STM32F103RB\\system_stm32f10x.c 0x00000000   Number         0  system_stm32f10x.o ABSOLUTE
    dc.s                                     0x00000000   Number         0  dc.o ABSOLUTE
    handlers.s                               0x00000000   Number         0  handlers.o ABSOLUTE
    init.s                                   0x00000000   Number         0  init.o ABSOLUTE
    principal.c                              0x00000000   Number         0  principal.o ABSOLUTE
    principal.c                              0x00000000   Number         0  principal.o ABSOLUTE
    RESET                                    0x08000000   Section      236  startup_stm32f10x_md.o(RESET)
    .ARM.Collect$$$$00000000                 0x080000ec   Section        0  entry.o(.ARM.Collect$$$$00000000)
    .ARM.Collect$$$$00000001                 0x080000ec   Section        4  entry2.o(.ARM.Collect$$$$00000001)
    .ARM.Collect$$$$00000004                 0x080000f0   Section        4  entry5.o(.ARM.Collect$$$$00000004)
    .ARM.Collect$$$$00000008                 0x080000f4   Section        0  entry7b.o(.ARM.Collect$$$$00000008)
    .ARM.Collect$$$$0000000A                 0x080000f4   Section        0  entry8b.o(.ARM.Collect$$$$0000000A)
    .ARM.Collect$$$$0000000B                 0x080000f4   Section        8  entry9a.o(.ARM.Collect$$$$0000000B)
    .ARM.Collect$$$$0000000E                 0x080000fc   Section        4  entry12b.o(.ARM.Collect$$$$0000000E)
    .ARM.Collect$$$$0000000F                 0x08000100   Section        0  entry10a.o(.ARM.Collect$$$$0000000F)
    .ARM.Collect$$$$00000011                 0x08000100   Section        0  entry11a.o(.ARM.Collect$$$$00000011)
    .ARM.Collect$$$$00002712                 0x08000100   Section        4  entry2.o(.ARM.Collect$$$$00002712)
    __lit__00000000                          0x08000100   Data           4  entry2.o(.ARM.Collect$$$$00002712)
    .text                                    0x08000104   Section       36  startup_stm32f10x_md.o(.text)
    .text                                    0x08000128   Section       36  init.o(.text)
    i.ADC_Init                               0x0800014c   Section        0  adc.o(i.ADC_Init)
    i.Handler_ADC                            0x08000178   Section        0  adc.o(i.Handler_ADC)
    i.MyGPIO_Init                            0x08000190   Section        0  gpio.o(i.MyGPIO_Init)
    i.MyGPIO_Init_clck                       0x08000208   Section        0  gpio.o(i.MyGPIO_Init_clck)
    i.MyTimer_ActiveIT                       0x0800021c   Section        0  mytimer.o(i.MyTimer_ActiveIT)
    i.MyTimer_Base_Init                      0x080002ac   Section        0  mytimer.o(i.MyTimer_Base_Init)
    i.MyTimer_Base_Start                     0x08000314   Section        0  mytimer.o(i.MyTimer_Base_Start)
    i.SetSysClock                            0x0800031e   Section        0  system_stm32f10x.o(i.SetSysClock)
    SetSysClock                              0x0800031f   Thumb Code     8  system_stm32f10x.o(i.SetSysClock)
    i.SetSysClockTo72                        0x08000328   Section        0  system_stm32f10x.o(i.SetSysClockTo72)
    SetSysClockTo72                          0x08000329   Thumb Code   214  system_stm32f10x.o(i.SetSysClockTo72)
    i.Set_Channel                            0x08000408   Section        0  adc.o(i.Set_Channel)
    i.Start_conv                             0x0800040c   Section        0  adc.o(i.Start_conv)
    i.SystemInit                             0x08000418   Section        0  system_stm32f10x.o(i.SystemInit)
    i.TIM2_IRQHandler                        0x08000478   Section        0  mytimer.o(i.TIM2_IRQHandler)
    i.__scatterload_copy                     0x08000498   Section       14  handlers.o(i.__scatterload_copy)
    i.__scatterload_null                     0x080004a6   Section        2  handlers.o(i.__scatterload_null)
    i.__scatterload_zeroinit                 0x080004a8   Section       14  handlers.o(i.__scatterload_zeroinit)
    i.maFonction                             0x080004b8   Section        0  principal.o(i.maFonction)
    i.main                                   0x080004d0   Section        0  principal.o(i.main)
    .data                                    0x20000000   Section       20  principal.o(.data)
    .data                                    0x20000014   Section        4  mytimer.o(.data)
    STACK                                    0x20000018   Section     1024  startup_stm32f10x_md.o(STACK)

    Global Symbols

    Symbol Name                              Value     Ov Type        Size  Object(Section)

    BuildAttributes$$THM_ISAv4$P$D$K$B$S$PE$A:L22UL41UL21$X:L11$S22US41US21$IEEE1$IW$USESV6$~STKCKD$USESV7$~SHL$OTIME$ROPI$EBA8$MICROLIB$REQ8$PRES8$EABIv2 0x00000000   Number         0  anon$$obj.o ABSOLUTE
    __ARM_use_no_argv                        0x00000000   Number         0  principal.o ABSOLUTE
    __arm_fini_                               - Undefined Weak Reference
    __cpp_initialize__aeabi_                  - Undefined Weak Reference
    __cxa_finalize                            - Undefined Weak Reference
    __decompress                              - Undefined Weak Reference
    _clock_init                               - Undefined Weak Reference
    _microlib_exit                            - Undefined Weak Reference
    __Vectors_Size                           0x000000ec   Number         0  startup_stm32f10x_md.o ABSOLUTE
    __Vectors                                0x08000000   Data           4  startup_stm32f10x_md.o(RESET)
    __Vectors_End                            0x080000ec   Data           0  startup_stm32f10x_md.o(RESET)
    __main                                   0x080000ed   Thumb Code     0  entry.o(.ARM.Collect$$$$00000000)
    _main_stk                                0x080000ed   Thumb Code     0  entry2.o(.ARM.Collect$$$$00000001)
    _main_scatterload                        0x080000f1   Thumb Code     0  entry5.o(.ARM.Collect$$$$00000004)
    __main_after_scatterload                 0x080000f5   Thumb Code     0  entry5.o(.ARM.Collect$$$$00000004)
    _main_clock                              0x080000f5   Thumb Code     0  entry7b.o(.ARM.Collect$$$$00000008)
    _main_cpp_init                           0x080000f5   Thumb Code     0  entry8b.o(.ARM.Collect$$$$0000000A)
    _main_init                               0x080000f5   Thumb Code     0  entry9a.o(.ARM.Collect$$$$0000000B)
    __rt_lib_shutdown_fini                   0x080000fd   Thumb Code     0  entry12b.o(.ARM.Collect$$$$0000000E)
    __rt_final_cpp                           0x08000101   Thumb Code     0  entry10a.o(.ARM.Collect$$$$0000000F)
    __rt_final_exit                          0x08000101   Thumb Code     0  entry11a.o(.ARM.Collect$$$$00000011)
    Reset_Handler                            0x08000105   Thumb Code     8  startup_stm32f10x_md.o(.text)
    NMI_Handler                              0x0800010d   Thumb Code     2  startup_stm32f10x_md.o(.text)
    HardFault_Handler                        0x0800010f   Thumb Code     2  startup_stm32f10x_md.o(.text)
    MemManage_Handler                        0x08000111   Thumb Code     2  startup_stm32f10x_md.o(.text)
    BusFault_Handler                         0x08000113   Thumb Code     2  startup_stm32f10x_md.o(.text)
    UsageFault_Handler                       0x08000115   Thumb Code     2  startup_stm32f10x_md.o(.text)
    SVC_Handler                              0x08000117   Thumb Code     2  startup_stm32f10x_md.o(.text)
    DebugMon_Handler                         0x08000119   Thumb Code     2  startup_stm32f10x_md.o(.text)
    PendSV_Handler                           0x0800011b   Thumb Code     2  startup_stm32f10x_md.o(.text)
    SysTick_Handler                          0x0800011d   Thumb Code     2  startup_stm32f10x_md.o(.text)
    ADC1_2_IRQHandler                        0x0800011f   Thumb Code     0  startup_stm32f10x_md.o(.text)
    CAN1_RX1_IRQHandler                      0x0800011f   Thumb Code     0  startup_stm32f10x_md.o(.text)
    CAN1_SCE_IRQHandler                      0x0800011f   Thumb Code     0  startup_stm32f10x_md.o(.text)
    DMA1_Channel1_IRQHandler                 0x0800011f   Thumb Code     0  startup_stm32f10x_md.o(.text)
    DMA1_Channel2_IRQHandler                 0x0800011f   Thumb Code     0  startup_stm32f10x_md.o(.text)
    DMA1_Channel3_IRQHandler                 0x0800011f   Thumb Code     0  startup_stm32f10x_md.o(.text)
    DMA1_Channel4_IRQHandler                 0x0800011f   Thumb Code     0  startup_stm32f10x_md.o(.text)
    DMA1_Channel5_IRQHandler                 0x0800011f   Thumb Code     0  startup_stm32f10x_md.o(.text)
    DMA1_Channel6_IRQHandler                 0x0800011f   Thumb Code     0  startup_stm32f10x_md.o(.text)
    DMA1_Channel7_IRQHandler                 0x0800011f   Thumb Code     0  startup_stm32f10x_md.o(.text)
    EXTI0_IRQHandler                         0x0800011f   Thumb Code     0  startup_stm32f10x_md.o(.text)
    EXTI15_10_IRQHandler                     0x0800011f   Thumb Code     0  startup_stm32f10x_md.o(.text)
    EXTI1_IRQHandler                         0x0800011f   Thumb Code     0  startup_stm32f10x_md.o(.text)
    EXTI2_IRQHandler                         0x0800011f   Thumb Code     0  startup_stm32f10x_md.o(.text)
    EXTI3_IRQHandler                         0x0800011f   Thumb Code     0  startup_stm32f10x_md.o(.text)
    EXTI4_IRQHandler                         0x0800011f   Thumb Code     0  startup_stm32f10x_md.o(.text)
    EXTI9_5_IRQHandler                       0x0800011f   Thumb Code     0  startup_stm32f10x_md.o(.text)
    FLASH_IRQHandler                         0x0800011f   Thumb Code     0  startup_stm32f10x_md.o(.text)
    I2C1_ER_IRQHandler                       0x0800011f   Thumb Code     0  startup_stm32f10x_md.o(.text)
    I2C1_EV_IRQHandler                       0x0800011f   Thumb Code     0  startup_stm32f10x_md.o(.text)
    I2C2_ER_IRQHandler                       0x0800011f   Thumb Code     0  startup_stm32f10x_md.o(.text)
    I2C2_EV_IRQHandler                       0x0800011f   Thumb Code     0  startup_stm32f10x_md.o(.text)
    PVD_IRQHandler                           0x0800011f   Thumb Code     0  startup_stm32f10x_md.o(.text)
    RCC_IRQHandler                           0x0800011f   Thumb Code     0  startup_stm32f10x_md.o(.text)
    RTCAlarm_IRQHandler                      0x0800011f   Thumb Code     0  startup_stm32f10x_md.o(.text)
    RTC_IRQHandler                           0x0800011f   Thumb Code     0  startup_stm32f10x_md.o(.text)
    SPI1_IRQHandler                          0x0800011f   Thumb Code     0  startup_stm32f10x_md.o(.text)
    SPI2_IRQHandler                          0x0800011f   Thumb Code     0  startup_stm32f10x_md.o(.text)
    TAMPER_IRQHandler                        0x0800011f   Thumb Code     0  startup_stm32f10x_md.o(.text)
    TIM1_BRK_IRQHandler                      0x0800011f   Thumb Code     0  startup_stm32f10x_md.o(.text)
    TIM1_CC_IRQHandler                       0x0800011f   Thumb Code     0  startup_stm32f10x_md.o(.text)
    TIM1_TRG_COM_IRQHandler                  0x0800011f   Thumb Code     0  startup_stm32f10x_md.o(.text)
    TIM1_UP_IRQHandler                       0x0800011f   Thumb Code     0  startup_stm32f10x_md.o(.text)
    TIM3_IRQHandler                          0x0800011f   Thumb Code     0  startup_stm32f10x_md.o(.text)
    TIM4_IRQHandler                          0x0800011f   Thumb Code     0  startup_stm32f10x_md.o(.text)
    USART1_IRQHandler                        0x0800011f   Thumb Code     0  startup_stm32f10x_md.o(.text)
    USART2_IRQHandler                        0x0800011f   Thumb Code     0  startup_stm32f10x_md.o(.text)
    USART3_IRQHandler                        0x0800011f   Thumb Code     0  startup_stm32f10x_md.o(.text)
    USBWakeUp_IRQHandler                     0x0800011f   Thumb Code     0  startup_stm32f10x_md.o(.text)
    USB_HP_CAN1_TX_IRQHandler                0x0800011f   Thumb Code     0  startup_stm32f10x_md.o(.text)
    USB_LP_CAN1_RX0_IRQHandler               0x0800011f   Thumb Code     0  startup_stm32f10x_md.o(.text)
    WWDG_IRQHandler                          0x0800011f   Thumb Code     0  startup_stm32f10x_md.o(.text)
    __scatterload                            0x08000129   Thumb Code    28  init.o(.text)
    __scatterload_rt2                        0x08000129   Thumb Code     0  init.o(.text)
    ADC_Init                                 0x0800014d   Thumb Code    40  adc.o(i.ADC_Init)
    Handler_ADC                              0x08000179   Thumb Code    24  adc.o(i.Handler_ADC)
    MyGPIO_Init                              0x08000191   Thumb Code   116  gpio.o(i.MyGPIO_Init)
    MyGPIO_Init_clck                         0x08000209   Thumb Code    14  gpio.o(i.MyGPIO_Init_clck)
    MyTimer_ActiveIT                         0x0800021d   Thumb Code   122  mytimer.o(i.MyTimer_ActiveIT)
    MyTimer_Base_Init                        0x080002ad   Thumb Code    86  mytimer.o(i.MyTimer_Base_Init)
    MyTimer_Base_Start                       0x08000315   Thumb Code    10  mytimer.o(i.MyTimer_Base_Start)
    Set_Channel                              0x08000409   Thumb Code     4  adc.o(i.Set_Channel)
    Start_conv                               0x0800040d   Thumb Code    10  adc.o(i.Start_conv)
    SystemInit                               0x08000419   Thumb Code    78  system_stm32f10x.o(i.SystemInit)
    TIM2_IRQHandler                          0x08000479   Thumb Code    26  mytimer.o(i.TIM2_IRQHandler)
    __scatterload_copy                       0x08000499   Thumb Code    14  handlers.o(i.__scatterload_copy)
    __scatterload_null                       0x080004a7   Thumb Code     2  handlers.o(i.__scatterload_null)
    __scatterload_zeroinit                   0x080004a9   Thumb Code    14  handlers.o(i.__scatterload_zeroinit)
    maFonction                               0x080004b9   Thumb Code    16  principal.o(i.maFonction)
    main                                     0x080004d1   Thumb Code   100  principal.o(i.main)
    Region$$Table$$Base                      0x08000548   Number         0  anon$$obj.o(Region$$Table)
    Region$$Table$$Limit                     0x08000568   Number         0  anon$$obj.o(Region$$Table)
    GPIO                                     0x20000000   Data           4  principal.o(.data)
    ADC                                      0x20000004   Data           4  principal.o(.data)
    toto                                     0x20000008   Data           4  principal.o(.data)
    GPIO_Pin_LED                             0x2000000c   Data           4  principal.o(.data)
    GPIO_Pin_UB                              0x20000010   Data           4  principal.o(.data)
    pFnc                                     0x20000014   Data           4  mytimer.o(.data)
    __initial_sp                             0x20000418   Data           0  startup_stm32f10x_md.o(STACK)



==============================================================================

Memory Map of the image

  Image Entry point : 0x08000105

  Load Region LR_1 (Base: 0x08000000, Size: 0x00000580, Max: 0xffffffff, ABSOLUTE)

    Execution Region ER_RO (Exec base: 0x08000000, Load base: 0x08000000, Size: 0x00000568, Max: 0xffffffff, ABSOLUTE)

    Exec Addr    Load Addr    Size         Type   Attr      Idx    E Section Name        Object

    0x08000000   0x08000000   0x000000ec   Data   RO          233    RESET               startup_stm32f10x_md.o
    0x080000ec   0x080000ec   0x00000000   Code   RO          284  * .ARM.Collect$$$$00000000  mc_w.l(entry.o)
    0x080000ec   0x080000ec   0x00000004   Code   RO          293    .ARM.Collect$$$$00000001  mc_w.l(entry2.o)
    0x080000f0   0x080000f0   0x00000004   Code   RO          296    .ARM.Collect$$$$00000004  mc_w.l(entry5.o)
    0x080000f4   0x080000f4   0x00000000   Code   RO          298    .ARM.Collect$$$$00000008  mc_w.l(entry7b.o)
    0x080000f4   0x080000f4   0x00000000   Code   RO          300    .ARM.Collect$$$$0000000A  mc_w.l(entry8b.o)
    0x080000f4   0x080000f4   0x00000008   Code   RO          301    .ARM.Collect$$$$0000000B  mc_w.l(entry9a.o)
    0x080000fc   0x080000fc   0x00000004   Code   RO          308    .ARM.Collect$$$$0000000E  mc_w.l(entry12b.o)
    0x08000100   0x08000100   0x00000000   Code   RO          303    .ARM.Collect$$$$0000000F  mc_w.l(entry10a.o)
    0x08000100   0x08000100   0x00000000   Code   RO          305    .ARM.Collect$$$$00000011  mc_w.l(entry11a.o)
    0x08000100   0x08000100   0x00000004   Code   RO          294    .ARM.Collect$$$$00002712  mc_w.l(entry2.o)
    0x08000104   0x08000104   0x00000024   Code   RO          234  * .text               startup_stm32f10x_md.o
    0x08000128   0x08000128   0x00000024   Code   RO          312    .text               mc_w.l(init.o)
    0x0800014c   0x0800014c   0x0000002c   Code   RO          192    i.ADC_Init          adc.o
    0x08000178   0x08000178   0x00000018   Code   RO          193    i.Handler_ADC       adc.o
    0x08000190   0x08000190   0x00000078   Code   RO           75    i.MyGPIO_Init       gpio.o
    0x08000208   0x08000208   0x00000014   Code   RO           76    i.MyGPIO_Init_clck  gpio.o
    0x0800021c   0x0800021c   0x00000090   Code   RO          129    i.MyTimer_ActiveIT  mytimer.o
    0x080002ac   0x080002ac   0x00000068   Code   RO          130    i.MyTimer_Base_Init  mytimer.o
    0x08000314   0x08000314   0x0000000a   Code   RO          131    i.MyTimer_Base_Start  mytimer.o
    0x0800031e   0x0800031e   0x00000008   Code   RO          241    i.SetSysClock       system_stm32f10x.o
    0x08000326   0x08000326   0x00000002   PAD
    0x08000328   0x08000328   0x000000e0   Code   RO          242    i.SetSysClockTo72   system_stm32f10x.o
    0x08000408   0x08000408   0x00000004   Code   RO          194    i.Set_Channel       adc.o
    0x0800040c   0x0800040c   0x0000000a   Code   RO          195    i.Start_conv        adc.o
    0x08000416   0x08000416   0x00000002   PAD
    0x08000418   0x08000418   0x00000060   Code   RO          244    i.SystemInit        system_stm32f10x.o
    0x08000478   0x08000478   0x00000020   Code   RO          135    i.TIM2_IRQHandler   mytimer.o
    0x08000498   0x08000498   0x0000000e   Code   RO          316    i.__scatterload_copy  mc_w.l(handlers.o)
    0x080004a6   0x080004a6   0x00000002   Code   RO          317    i.__scatterload_null  mc_w.l(handlers.o)
    0x080004a8   0x080004a8   0x0000000e   Code   RO          318    i.__scatterload_zeroinit  mc_w.l(handlers.o)
    0x080004b6   0x080004b6   0x00000002   PAD
    0x080004b8   0x080004b8   0x00000018   Code   RO            4    i.maFonction        principal.o
    0x080004d0   0x080004d0   0x00000078   Code   RO            5    i.main              principal.o
    0x08000548   0x08000548   0x00000020   Data   RO          314    Region$$Table       anon$$obj.o


    Execution Region ER_RW (Exec base: 0x20000000, Load base: 0x08000568, Size: 0x00000018, Max: 0xffffffff, ABSOLUTE)

    Exec Addr    Load Addr    Size         Type   Attr      Idx    E Section Name        Object

    0x20000000   0x08000568   0x00000014   Data   RW            6    .data               principal.o
    0x20000014   0x0800057c   0x00000004   Data   RW          136    .data               mytimer.o


    Execution Region ER_ZI (Exec base: 0x20000018, Load base: 0x08000580, Size: 0x00000400, Max: 0xffffffff, ABSOLUTE)

    Exec Addr    Load Addr    Size         Type   Attr      Idx    E Section Name        Object

    0x20000018        -       0x00000400   Zero   RW          231    STACK               startup_stm32f10x_md.o


==============================================================================

Image component sizes


      Code (inc. data)   RO Data    RW Data    ZI Data      Debug   Object Name

        82          4          0          0          0       2072   adc.o
       140         10          0          0          0       1353   gpio.o
       290         46          0          4          0       2637   mytimer.o
       144         28          0         20          0     207941   principal.o
        36          8        236          0       1024        780   startup_stm32f10x_md.o
       328         28          0          0          0       1853   system_stm32f10x.o

    ----------------------------------------------------------------------
      1024        124        268         24       1024     216636   Object Totals
         0          0         32          0          0          0   (incl. Generated)
         4          0          0          0          0          0   (incl. Padding)

    ----------------------------------------------------------------------

      Code (inc. data)   RO Data    RW Data    ZI Data      Debug   Library Member Name

         0          0          0          0          0          0   entry.o
         0          0          0          0          0          0   entry10a.o
         0          0          0          0          0          0   entry11a.o
         4          0          0          0          0          0   entry12b.o
         8          4          0          0          0          0   entry2.o
         4          0          0          0          0          0   entry5.o
         0          0          0          0          0          0   entry7b.o
         0          0          0          0          0          0   entry8b.o
         8          4          0          0          0          0   entry9a.o
        30          0          0          0          0          0   handlers.o
        36          8          0          0          0         68   init.o

    ----------------------------------------------------------------------
        92         16          0          0          0         68   Library Totals
         2          0          0          0          0          0   (incl. Padding)

    ----------------------------------------------------------------------

      Code (inc. data)   RO Data    RW Data    ZI Data      Debug   Library Name

        90         16          0          0          0         68   mc_w.l

    ----------------------------------------------------------------------
        92         16          0          0          0         68   Library Totals

    ----------------------------------------------------------------------

==============================================================================


      Code (inc. data)   RO Data    RW Data    ZI Data      Debug   

      1116        140        268         24       1024     216232   Grand Totals
      1116        140        268         24       1024     216232   ELF Image Totals
      1116        140        268         24          0          0   ROM Totals

==============================================================================

    Total RO  Size (Code + RO Data)                 1384 (   1.35kB)
    Total RW  Size (RW Data + ZI Data)              1048 (   1.02kB)
    Total ROM Size (Code + RO Data + RW Data)       1408 (   1.38kB)

==============================================================================

